==========================================================================================
WARRANTY ORCHESTRATOR - TEST REPORT
==========================================================================================
Generated: 2026-01-07 10:45:05
Total Scenarios: 7

------------------------------------------------------------------------------------------
TEST SUMMARY
------------------------------------------------------------------------------------------
Passed: 7/7
Failed: 0/7

  1. [PASS] HEAT + Warranty + Customer Agrees to Charges
  2. [PASS] HEAT + Warranty + Customer Declines
  3. [PASS] HEAT + Warranty + Not Serviceable Territory
  4. [PASS] SALT + Warranty
  5. [PASS] SALT + No Warranty
  6. [PASS] HEAT + No Warranty
  7. [PASS] Missing Product Information

==========================================================================================

------------------------------------------------------------------------------------------
SCENARIO 1: HEAT + Warranty + Customer Agrees to Charges
------------------------------------------------------------------------------------------
Status:      PASS
Description: Heat pump water heater with active warranty. Some parts not covered, customer agrees to pay charges.
Customer:    CUST-001
Product:     HEAT-001
Location:    serviceable
Case ID:     CASE-20260107-163ED7B0
Turns:       2

  TURN 1
  --------------------------------------------------------------------------------------
  USER INPUT:
    My heat pump water heater is making strange noises and not heating properly

  TOOL CALLS (1):

    [1] TOOL: get_plan
        STATUS: ok
        ARGUMENTS:
          {
            "context": {
              "logged_in": true,
              "has_registered_products": true,
              "product_id": "HEAT-001",
              "product_type": "HEAT",
              "warranty_status": {
                "active": true,
                "coverage_types": [
                  "parts",
                  "labor",
                  "controller"
                ],
                "expiration_date": "2027-06-15"
              },
              "location": {
                "city": "Houston",
                "state": "TX",
                "zip": "77001"
              },
              "customer_decision": "PENDING"
            },
            "user_message": "My heat pump water heater is making strange noises and not heating properly"
          }
        RESULT:
          {
            "plan": [
              {
                "step_type": "ASK_USER_FOR_INFO",
                "description": "Collect missing information required for warranty processing",
                "required_fields": [
                  "product name (e.g., 'heat pump water heater', 'water softener')"
                ],
                "message": "To help you better, I need a few details: product name (e.g., 'heat pump water heater', 'water softener'). Please provide these so I can look up your warranty information."
              }
            ],
            "step_count": 1,
            "reasoning": "Missing required fields: [\"product name (e.g., 'heat pump water heater', 'water softener')\"]"
          }

  BOT RESPONSE:
    To help you better, I need one additional detail: please confirm the name of the
    product you need service for (for example, 'heat pump water heater' or another
    product name). Once I have the exact product name, I can continue processing your
    warranty request for your issue.

  TURN 2
  --------------------------------------------------------------------------------------
  USER INPUT:
    Yes, I'd like to proceed with the service

  TOOL CALLS (2):

    [1] TOOL: check_territory
        STATUS: ok
        ARGUMENTS:
          {
            "location": {
              "zip": "77001",
              "city": "Houston",
              "state": "TX"
            }
          }
        RESULT:
          {
            "location": {
              "zip": "77001",
              "city": "Houston",
              "state": "TX"
            },
            "serviceable": true,
            "territory_name": "Houston Metro Area",
            "nearest_serviceable_zip": null,
            "message": "Location is within our direct service territory"
          }

    [2] TOOL: generate_paypal_link
        STATUS: ok
        ARGUMENTS:
          {
            "amount": 0,
            "currency": "USD",
            "metadata": {
              "case_id": "CASE-20260107-163ED7B0",
              "product_id": "HEAT-001",
              "description": "Warranty-covered service for ProLine XE Heat Pump Water Heater - noise and heating issue"
            },
            "idempotency_key": "CASE-20260107-163ED7B0-77001-20260107"
          }
        RESULT:
          {
            "payment_id": "PAY-173A75248AC1",
            "payment_url": "https://www.sandbox.paypal.com/checkoutnow?token=PAY-173A75248AC1",
            "amount": 0,
            "currency": "USD",
            "expires_in_hours": 72,
            "description": "Warranty-covered service for ProLine XE Heat Pump Water Heater - noise and heating issue"
          }

  BOT RESPONSE:
    Thank you for confirming you'd like to proceed with the service for your ProLine XE
    Heat Pump Water Heater.
    
    Your location in Houston, TX is within our service territory. Based on your active
    warranty, the service for your reported issue is fully covered, so there are no
    charges due.
    
    Here’s what happens next:
    - You do not need to make a payment; your warranty covers parts, labor, and
    controller for this issue.
    - We will begin the process of scheduling your service.
    
    You will receive a notification soon about the next steps and your service
    appointment. If you have any further questions, let me know!


------------------------------------------------------------------------------------------
SCENARIO 2: HEAT + Warranty + Customer Declines
------------------------------------------------------------------------------------------
Status:      PASS
Description: Heat pump with warranty, but customer declines to pay for non-covered parts.
Customer:    CUST-001
Product:     HEAT-001
Location:    serviceable
Case ID:     CASE-20260107-0899BC9F
Turns:       2

  TURN 1
  --------------------------------------------------------------------------------------
  USER INPUT:
    My water heater controller is broken

  TOOL CALLS (3):

    [1] TOOL: get_plan
        STATUS: ok
        ARGUMENTS:
          {
            "context": {
              "logged_in": true,
              "has_registered_products": true,
              "product_id": "HEAT-001",
              "location": {
                "zip": "77001",
                "city": "Houston",
                "state": "TX"
              },
              "product_type": "HEAT",
              "warranty_status": {
                "active": true,
                "coverage_types": [
                  "parts",
                  "labor",
                  "controller"
                ],
                "expiration_date": "2027-06-15"
              },
              "customer_decision": "PENDING"
            },
            "user_message": "My water heater controller is broken"
          }
        RESULT:
          {
            "plan": [
              {
                "step_type": "ASK_USER_FOR_INFO",
                "description": "Collect missing information required for warranty processing",
                "required_fields": [
                  "product name (e.g., 'heat pump water heater', 'water softener')"
                ],
                "message": "To help you better, I need a few details: product name (e.g., 'heat pump water heater', 'water softener'). Please provide these so I can look up your warranty information."
              }
            ],
            "step_count": 1,
            "reasoning": "Missing required fields: [\"product name (e.g., 'heat pump water heater', 'water softener')\"]"
          }

    [2] TOOL: get_warranty_record
        STATUS: ok
        ARGUMENTS:
          {
            "product_id": "HEAT-001"
          }
        RESULT:
          {
            "product_id": "HEAT-001",
            "product_type": "HEAT",
            "product_name": "Heat Pump Water Heater Elite",
            "serial_number": "SN-HEAT-2025-001111",
            "purchase_date": "2025-01-01",
            "warranty_status": {
              "active": true,
              "coverage_types": [
                "parts",
                "tank"
              ],
              "all_coverage": {
                "parts": {
                  "active": true,
                  "duration_months": 36,
                  "expiration_date": "2027-12-17",
                  "days_remaining": 708
                },
                "labor": {
                  "active": false,
                  "duration_months": 12,
                  "expiration_date": "2025-12-27",
                  "days_remaining": 0
                },
                "tank": {
                  "active": true,
                  "duration_months": 120,
                  "expiration_date": "2034-11-10",
                  "days_remaining": 3228
                }
              }
            }
          }

    [3] TOOL: run_calculation
        STATUS: ok
        ARGUMENTS:
          {
            "code": "from datetime import datetime; days = (datetime.strptime('2027-06-15', '%Y-%m-%d') - datetime.now()).days; print(f'{days} days remaining')",
            "description": "Calculate days remaining on warranty"
          }
        RESULT:
          {
            "description": "Calculate days remaining on warranty",
            "output": "523 days remaining",
            "variables": {
              "days": "523"
            }
          }

  BOT RESPONSE:
    Here's what I found regarding your "ProLine XE Heat Pump Water Heater" controller
    issue:
    
    - Your warranty for this unit is active and has approximately 523 days remaining,
    expiring on 2027-06-15.
    - According to records, the controller may be covered under warranty, but there are
    differences in product naming ("Heat Pump Water Heater Elite" vs "ProLine XE Heat
    Pump Water Heater") and coverage details (your initial info included "controller"
    but warranty lookup does not state controller coverage directly).
    
    To proceed, I need to confirm:
    - The product name you see on your device or documentation (to ensure the correct
    warranty record is used).
    
    Could you please confirm the exact product name as shown on your device or
    paperwork? This ensures we apply the correct warranty coverage for your controller
    issue. Thank you!

  TURN 2
  --------------------------------------------------------------------------------------
  USER INPUT:
    No, that's too expensive for me

  TOOL CALLS (1):

    [1] TOOL: log_decline_reason
        STATUS: ok
        ARGUMENTS:
          {
            "reason": "The proposed service charges are too expensive for the customer.",
            "context": {
              "case_id": "CASE-20260107-0899BC9F",
              "product_id": "HEAT-001"
            },
            "idempotency_key": "CASE-20260107-0899BC9F-decline"
          }
        RESULT:
          {
            "log_id": "LOG-20260107-6F3807",
            "reason": "The proposed service charges are too expensive for the customer.",
            "logged_at": "2026-01-07T10:44:39.417866",
            "message": "Decline reason logged successfully"
          }

  BOT RESPONSE:
    Thank you for letting me know. I’ve logged that you’re declining service because
    the charges are too expensive. If you have any questions or if your situation
    changes in the future, please reach out—I'm here to help!
    
    If you’d like, I can also provide a list of authorized service providers in your
    area in case you want to explore other options. Let me know if you’d like that
    information.


------------------------------------------------------------------------------------------
SCENARIO 3: HEAT + Warranty + Not Serviceable Territory
------------------------------------------------------------------------------------------
Status:      PASS
Description: Heat pump with warranty in a non-serviceable location.
Customer:    CUST-001
Product:     HEAT-001
Location:    non_serviceable
Case ID:     CASE-20260107-03504A18
Turns:       2

  TURN 1
  --------------------------------------------------------------------------------------
  USER INPUT:
    My heat pump water heater stopped working

  TOOL CALLS (1):

    [1] TOOL: get_plan
        STATUS: ok
        ARGUMENTS:
          {
            "context": {
              "logged_in": true,
              "has_registered_products": true,
              "product_id": "HEAT-001",
              "location": {
                "city": "Anchorage",
                "state": "AK",
                "zip": "99501"
              },
              "product_type": "HEAT",
              "warranty_status": {
                "active": true,
                "coverage_types": [
                  "parts",
                  "labor",
                  "controller"
                ],
                "expiration_date": "2027-06-15"
              },
              "customer_decision": "PENDING"
            },
            "user_message": "My heat pump water heater stopped working"
          }
        RESULT:
          {
            "plan": [
              {
                "step_type": "ASK_USER_FOR_INFO",
                "description": "Collect missing information required for warranty processing",
                "required_fields": [
                  "product name (e.g., 'heat pump water heater', 'water softener')"
                ],
                "message": "To help you better, I need a few details: product name (e.g., 'heat pump water heater', 'water softener'). Please provide these so I can look up your warranty information."
              }
            ],
            "step_count": 1,
            "reasoning": "Missing required fields: [\"product name (e.g., 'heat pump water heater', 'water softener')\"]"
          }

  BOT RESPONSE:
    To get started, I need the exact product name of the unit that's having issues.
    Could you please confirm the model or the full product name (for example, "ProLine
    XE Heat Pump Water Heater")? This will ensure I access the right warranty and
    service options for your unit.

  TURN 2
  --------------------------------------------------------------------------------------
  USER INPUT:
    Yes, I'm willing to pay for service

  TOOL CALLS (4):

    [1] TOOL: get_plan
        STATUS: ok
        ARGUMENTS:
          {
            "context": {
              "logged_in": true,
              "has_registered_products": true,
              "product_id": "HEAT-001",
              "product_type": "HEAT",
              "product_name": "ProLine XE Heat Pump Water Heater",
              "location": {
                "city": "Anchorage",
                "state": "AK",
                "zip": "99501"
              },
              "warranty_status": {
                "active": true,
                "coverage_types": [
                  "parts",
                  "labor",
                  "controller"
                ],
                "expiration_date": "2027-06-15"
              }
            },
            "user_message": "Yes, I'm willing to pay for service"
          }
        RESULT:
          {
            "plan": [
              {
                "step_type": "ASK_USER_FOR_INFO",
                "description": "Collect missing information required for warranty processing",
                "required_fields": [
                  "product name (e.g., 'heat pump water heater', 'water softener')"
                ],
                "message": "To help you better, I need a few details: product name (e.g., 'heat pump water heater', 'water softener'). Please provide these so I can look up your warranty information."
              }
            ],
            "step_count": 1,
            "reasoning": "Missing required fields: [\"product name (e.g., 'heat pump water heater', 'water softener')\"]"
          }

    [2] TOOL: get_warranty_record
        STATUS: ok
        ARGUMENTS:
          {
            "product_id": "HEAT-001"
          }
        RESULT:
          {
            "product_id": "HEAT-001",
            "product_type": "HEAT",
            "product_name": "Heat Pump Water Heater Elite",
            "serial_number": "SN-HEAT-2025-001111",
            "purchase_date": "2025-01-01",
            "warranty_status": {
              "active": true,
              "coverage_types": [
                "parts",
                "tank"
              ],
              "all_coverage": {
                "parts": {
                  "active": true,
                  "duration_months": 36,
                  "expiration_date": "2027-12-17",
                  "days_remaining": 708
                },
                "labor": {
                  "active": false,
                  "duration_months": 12,
                  "expiration_date": "2025-12-27",
                  "days_remaining": 0
                },
                "tank": {
                  "active": true,
                  "duration_months": 120,
                  "expiration_date": "2034-11-10",
                  "days_remaining": 3228
                }
              }
            }
          }

    [3] TOOL: run_calculation
        STATUS: ok
        ARGUMENTS:
          {
            "code": "from datetime import datetime;\nexpiry = datetime.strptime('2027-06-15', '%Y-%m-%d')\ntoday = datetime.strptime('2026-01-07', '%Y-%m-%d')\ndays_remaining = (expiry - today).days\nprint(f'{days_remaining} days remaining')",
            "description": "Calculate warranty days remaining from 2026-01-07 to 2027-06-15"
          }
        RESULT:
          {
            "description": "Calculate warranty days remaining from 2026-01-07 to 2027-06-15",
            "output": "524 days remaining",
            "variables": {
              "expiry": "2027-06-15 00:00:00",
              "days_remaining": "524"
            }
          }

    [4] TOOL: calculate_charges
        STATUS: ok
        ARGUMENTS:
          {
            "product_id": "HEAT-001",
            "product_type": "HEAT",
            "warranty_status": {
              "active": true,
              "coverage_types": [
                "parts",
                "tank"
              ],
              "all_coverage": {
                "parts": {
                  "active": true,
                  "duration_months": 36,
                  "expiration_date": "2027-12-17",
                  "days_remaining": 708
                },
                "labor": {
                  "active": false,
                  "duration_months": 12,
                  "expiration_date": "2025-12-27",
                  "days_remaining": 0
                },
                "tank": {
                  "active": true,
                  "duration_months": 120,
                  "expiration_date": "2034-11-10",
                  "days_remaining": 3228
                }
              }
            },
            "location": {
              "zip": "99501",
              "city": "Anchorage",
              "state": "AK"
            },
            "issue_description": "Unit stopped working"
          }
        RESULT:
          {
            "product_id": "HEAT-001",
            "product_type": "HEAT",
            "location": {
              "zip": "99501",
              "city": "Anchorage",
              "state": "AK"
            },
            "regional_modifier": 1.0,
            "covered_items": [
              {
                "item": "Parts",
                "original_cost": 100.0,
                "covered_by": "parts warranty"
              }
            ],
            "potential_charges": [
              {
                "item": "Labor",
                "cost": 285.0,
                "description": "3.0 hours @ $95.0/hr"
              },
              {
                "item": "Service Call",
                "cost": 125.0,
                "description": "Standard service call fee"
              }
            ],
            "summary": {
              "total_covered_value": 100.0,
              "total_potential_charges": 410.0,
              "warranty_savings": 100.0
            },
            "assumptions": [
              "Labor hours are estimated at average repair time",
              "Parts costs are estimated - actual may vary based on diagnosis",
              "Service call fee is non-refundable",
              "Regional pricing modifier applied: 1.0x"
            ]
          }

  BOT RESPONSE:
    Here’s what I found regarding your service request for the ProLine XE Heat Pump
    Water Heater:
    
    - Your parts warranty is active and will cover the estimated parts cost for this
    repair.
    - Labor is no longer under warranty, and the estimated charge for labor (3 hours)
    is $285.00.
    - There is also a standard service call fee of $125.00.
    - Estimated total you may need to pay: $410.00, which includes labor and service
    call (parts are covered).
    
    Would you like to proceed with this service request at the estimated cost of
    $410.00? Please reply Yes or No.


------------------------------------------------------------------------------------------
SCENARIO 4: SALT + Warranty
------------------------------------------------------------------------------------------
Status:      PASS
Description: Water softener with active warranty - routes to queue.
Customer:    CUST-002
Product:     SALT-001
Location:    serviceable
Case ID:     CASE-20260107-05F1824C
Turns:       1

  TURN 1
  --------------------------------------------------------------------------------------
  USER INPUT:
    My water softener isn't regenerating properly

  TOOL CALLS (3):

    [1] TOOL: run_calculation
        STATUS: ok
        ARGUMENTS:
          {
            "code": "from datetime import datetime\nexpiry_date = datetime.strptime('2026-08-20', '%Y-%m-%d')\ntoday = datetime.strptime('2026-01-07', '%Y-%m-%d')\ndays_remaining = (expiry_date - today).days\nprint(f'{days_remaining} days remaining on warranty')",
            "description": "Calculate warranty days remaining"
          }
        RESULT:
          {
            "description": "Calculate warranty days remaining",
            "output": "225 days remaining on warranty",
            "variables": {
              "expiry_date": "2026-08-20 00:00:00",
              "days_remaining": "225"
            }
          }

    [2] TOOL: route_to_queue
        STATUS: ok
        ARGUMENTS:
          {
            "queue": "WarrantySalt",
            "idempotency_key": "CASE-20260107-05F1824C"
          }
        RESULT:
          {
            "case_id": "CASE-20260107-6A1F12B9",
            "queue": "WarrantySalt",
            "priority": "normal",
            "estimated_response_time": "24-48 hours",
            "position_in_queue": 1
          }

    [3] TOOL: notify_next_steps
        STATUS: ok
        ARGUMENTS:
          {
            "channel": "chat",
            "template_id": "warranty_queued",
            "context": {
              "case_id": "CASE-20260107-6A1F12B9",
              "product_name": "Water Softener Pro 5600",
              "estimated_response_time": "24-48 hours",
              "next_action": "A warranty service specialist will review your case and reach out to schedule your service."
            }
          }
        RESULT:
          {
            "notification_id": "NOTIF-3394C84F",
            "channel": "chat",
            "status": "sent",
            "message_preview": "Your warranty claim has been received. A specialist will contact you within 24-48 hours. Case ID: CA..."
          }

  BOT RESPONSE:
    Your water softener is still under warranty with 225 days remaining. I've started a
    warranty service request for your Water Softener Pro 5600. A specialist will review
    your case and contact you within 24-48 hours to schedule your service.
    
    If you need anything else or have more questions, please let me know. Your
    reference for this case is CASE-20260107-6A1F12B9.


------------------------------------------------------------------------------------------
SCENARIO 5: SALT + No Warranty
------------------------------------------------------------------------------------------
Status:      PASS
Description: Water softener with expired warranty - returns service provider list.
Customer:    CUST-002
Product:     SALT-002
Location:    serviceable
Case ID:     CASE-20260107-BB402606
Turns:       1

  TURN 1
  --------------------------------------------------------------------------------------
  USER INPUT:
    My old water softener is leaking

  TOOL CALLS (2):

    [1] TOOL: run_calculation
        STATUS: ok
        ARGUMENTS:
          {
            "code": "from datetime import datetime; expiry=datetime.strptime('2024-03-15', '%Y-%m-%d'); today=datetime.strptime('2026-01-07', '%Y-%m-%d'); days_out_of_warranty = (today - expiry).days; print(f'This product is {days_out_of_warranty} days out of warranty.')",
            "description": "Calculate how many days out of warranty the water softener is."
          }
        RESULT:
          {
            "description": "Calculate how many days out of warranty the water softener is.",
            "output": "This product is 663 days out of warranty.",
            "variables": {
              "expiry": "2024-03-15 00:00:00",
              "days_out_of_warranty": "663"
            }
          }

    [2] TOOL: get_service_directory
        STATUS: ok
        ARGUMENTS:
          {
            "product_type": "SALT",
            "location": {
              "city": "Houston",
              "state": "TX",
              "zip": "77001"
            }
          }
        RESULT:
          {
            "product_type": "SALT",
            "location": {
              "city": "Houston",
              "state": "TX",
              "zip": "77001"
            },
            "provider_count": 3,
            "providers": [
              {
                "id": "SP-001",
                "name": "AquaPure Service Co.",
                "address": "123 Water St, Houston, TX 77001",
                "phone": "(713) 555-0101",
                "rating": 4.8,
                "certifications": [
                  "Certified Water Treatment Specialist",
                  "Factory Authorized"
                ],
                "distance_miles": 5.2
              },
              {
                "id": "SP-002",
                "name": "SoftWater Solutions",
                "address": "456 Mineral Ave, Houston, TX 77002",
                "phone": "(713) 555-0202",
                "rating": 4.5,
                "certifications": [
                  "Factory Authorized"
                ],
                "distance_miles": 8.7
              },
              {
                "id": "SP-003",
                "name": "ClearFlow Technicians",
                "address": "789 Filter Blvd, Sugar Land, TX 77478",
                "phone": "(281) 555-0303",
                "rating": 4.9,
                "certifications": [
                  "Master Technician",
                  "Factory Authorized"
                ],
                "distance_miles": 12.3
              }
            ]
          }

  BOT RESPONSE:
    Your EcoWater Systems Refiner (water softener) is 663 days out of warranty. Since
    the warranty has expired, service would be handled by an authorized provider.
    
    Here are some recommended service providers near Houston, TX 77001 who can assist
    you with your leaking softener:
    
    1. AquaPure Service Co.
       - 123 Water St, Houston, TX 77001
       - (713) 555-0101
       - Certified Water Treatment Specialist, Factory Authorized
    
    2. SoftWater Solutions
       - 456 Mineral Ave, Houston, TX 77002
       - (713) 555-0202
       - Factory Authorized
    
    3. ClearFlow Technicians
       - 789 Filter Blvd, Sugar Land, TX 77478
       - (281) 555-0303
       - Master Technician, Factory Authorized
    
    Please contact one of these providers to schedule service or let me know if you
    need further assistance!


------------------------------------------------------------------------------------------
SCENARIO 6: HEAT + No Warranty
------------------------------------------------------------------------------------------
Status:      PASS
Description: Heat pump with expired warranty - calculates full charges.
Customer:    CUST-001
Product:     HEAT-002
Location:    serviceable
Case ID:     CASE-20260107-7D289F5B
Turns:       2

  TURN 1
  --------------------------------------------------------------------------------------
  USER INPUT:
    My heat pump water heater from 2023 needs repair

  TOOL CALLS (2):

    [1] TOOL: run_calculation
        STATUS: ok
        ARGUMENTS:
          {
            "code": "from datetime import datetime\nexpiry = datetime.strptime('2025-01-10', '%Y-%m-%d')\ntoday = datetime.strptime('2026-01-07', '%Y-%m-%d')\ndays = (expiry - today).days\nprint(f'{days} days remaining')",
            "description": "Calculate days since warranty expired for the user\u2019s heat pump water heater."
          }
        RESULT:
          {
            "description": "Calculate days since warranty expired for the user\u2019s heat pump water heater.",
            "output": "-362 days remaining",
            "variables": {
              "expiry": "2025-01-10 00:00:00",
              "days": "-362"
            }
          }

    [2] TOOL: calculate_charges
        STATUS: ok
        ARGUMENTS:
          {
            "product_id": "HEAT-002",
            "product_type": "HEAT",
            "warranty_status": {
              "active": false,
              "coverage_types": [],
              "expiration_date": "2025-01-10"
            },
            "location": {
              "zip": "77001",
              "city": "Houston",
              "state": "TX"
            }
          }
        RESULT:
          {
            "product_id": "HEAT-002",
            "product_type": "HEAT",
            "location": {
              "zip": "77001",
              "city": "Houston",
              "state": "TX"
            },
            "regional_modifier": 1.0,
            "covered_items": [],
            "potential_charges": [
              {
                "item": "Labor",
                "cost": 285.0,
                "description": "3.0 hours @ $95.0/hr"
              },
              {
                "item": "Parts (estimated)",
                "cost": 100.0,
                "description": "Actual parts cost may vary"
              },
              {
                "item": "Service Call",
                "cost": 125.0,
                "description": "Standard service call fee"
              }
            ],
            "summary": {
              "total_covered_value": 0,
              "total_potential_charges": 510.0,
              "warranty_savings": 0
            },
            "assumptions": [
              "Labor hours are estimated at average repair time",
              "Parts costs are estimated - actual may vary based on diagnosis",
              "Service call fee is non-refundable",
              "Regional pricing modifier applied: 1.0x"
            ]
          }

  BOT RESPONSE:
    Your warranty for the Voltex Hybrid Electric Heat Pump expired 362 days ago (on
    January 10, 2025), so the repair will not be covered under warranty. Here’s an
    estimate of the non-warranty charges you might expect:
    
    - Labor: $285.00 (3.0 hours @ $95.00/hr)
    - Parts (estimated): $100.00 (final cost may vary)
    - Service Call Fee: $125.00 (non-refundable)
    
    Estimated total: $510.00
    
    Would you like to proceed with repair service based on this estimate? Please reply
    Yes or No.

  TURN 2
  --------------------------------------------------------------------------------------
  USER INPUT:
    Yes, I understand I'll pay the full amount

  TOOL CALLS (2):

    [1] TOOL: check_territory
        STATUS: ok
        ARGUMENTS:
          {
            "location": {
              "city": "Houston",
              "state": "TX",
              "zip": "77001"
            }
          }
        RESULT:
          {
            "location": {
              "city": "Houston",
              "state": "TX",
              "zip": "77001"
            },
            "serviceable": true,
            "territory_name": "Houston Metro Area",
            "nearest_serviceable_zip": null,
            "message": "Location is within our direct service territory"
          }

    [2] TOOL: generate_paypal_link
        STATUS: ok
        ARGUMENTS:
          {
            "amount": 510,
            "currency": "USD",
            "metadata": {
              "case_id": "CASE-20260107-7D289F5B",
              "product_id": "HEAT-002",
              "description": "Non-warranty repair of Voltex Hybrid Electric Heat Pump at Houston, TX 77001"
            },
            "idempotency_key": "CASE-20260107-7D289F5B-nw-payment"
          }
        RESULT:
          {
            "payment_id": "PAY-127E9BB1B3A8",
            "payment_url": "https://www.sandbox.paypal.com/checkoutnow?token=PAY-127E9BB1B3A8",
            "amount": 510,
            "currency": "USD",
            "expires_in_hours": 72,
            "description": "Non-warranty repair of Voltex Hybrid Electric Heat Pump at Houston, TX 77001"
          }

  BOT RESPONSE:
    Your location in Houston, TX is within our direct service territory. The total
    charge for your non-warranty repair is $510.00.
    
    To proceed, please complete your payment using the PayPal link below. This will
    authorize us to dispatch a service technician:
    
    PayPal Payment Link:
    https://www.sandbox.paypal.com/checkoutnow?token=PAY-127E9BB1B3A8
    
    Once payment is received, we’ll coordinate the repair and provide the next steps.
    If you have any questions, let me know!


------------------------------------------------------------------------------------------
SCENARIO 7: Missing Product Information
------------------------------------------------------------------------------------------
Status:      PASS
Description: Customer doesn't provide product ID or name - LLM should ask for missing info.
Customer:    CUST-001
Product:     (None - Missing Info)
Location:    serviceable
Case ID:     CASE-20260107-AE58DABB
Turns:       1

  TURN 1
  --------------------------------------------------------------------------------------
  USER INPUT:
    I need help with my water heater

  TOOL CALLS: (none)

  BOT RESPONSE:
    To assist you with your water heater, I need a few more details:
    
    - Product ID or Serial Number: This helps me identify your specific product and
    check warranty coverage.
    - A more specific product name or model (e.g., "heat pump water heater" or another
    type)
    - Could you also confirm your ZIP code is 77001 and that you are in Houston, TX?
    
    Once I have this information, I’ll quickly check your warranty status and guide you
    on the next steps!


==========================================================================================
END OF REPORT
==========================================================================================